// Jest Snapshot v1, https://goo.gl/fbAQLP

exports[`<AssemblyLine /> should match snapshot 1`] = `"<div class=\\"assembly-line\\"><div><span>Add an item: </span><input maxLength=\\"160\\" value=\\"\\"/></div><br/><hr/><div class=\\"assembly-line-pipeline hs\\"><div class=\\"assembly-line-stage\\" style=\\"width:200px\\"><h4>Idea</h4><div><button class=\\"animate__animated animate__fadeIn\\">item1</button></div></div><div class=\\"assembly-line-stage\\" style=\\"width:200px\\"><h4>Development</h4><div><button class=\\"animate__animated animate__fadeIn\\">item2</button></div></div><div class=\\"assembly-line-stage\\" style=\\"width:200px\\"><h4>Testing</h4><div><button class=\\"animate__animated animate__fadeIn\\">item3</button></div></div><div class=\\"assembly-line-stage\\" style=\\"width:200px\\"><h4>Deployed</h4><div><button class=\\"animate__animated animate__fadeIn\\">item4</button></div></div></div></div>"`;
